// Jest Snapshot v1, https://goo.gl/fbAQLP

exports[`<Commandline /> should match last known snapshot unless we make a change 1`] = `""`;
